[2026-10-07 16:18:52] [INFO] --- Started CourtVision v1.0.0 ---
[2026-10-07 16:18:52] [INFO] Test startup info message
[2026-10-07 16:18:52] [ERROR] Test startup error message
[2026-10-07 16:18:52] [INFO] Validating startup environment...
[2026-10-07 16:18:52] [INFO] User Data Directory: C:\Users\chall\OneDrive\Desktop\courtvision
[2026-10-07 16:18:52] [INFO] AI Model path: C:\Users\chall\OneDrive\Desktop\courtvision\models\yolov8n-seg.pt
[2026-10-07 18:41:49] [INFO] --- Started CourtVision v1.0.0 ---
[2026-10-07 18:41:49] [INFO] Test startup info message
[2026-10-07 18:41:49] [ERROR] Test startup error message
[2026-10-07 18:41:49] [INFO] Validating startup environment...
[2026-10-07 18:41:49] [INFO] User Data Directory: C:\Users\chall\OneDrive\Desktop\courtvision
[2026-10-07 18:41:49] [INFO] AI Model path: C:\Users\chall\OneDrive\Desktop\courtvision\models\yolov8n-seg.pt
[2026-10-07 19:57:35] [INFO] --- Started CourtVision v1.0.0 ---
[2026-10-07 19:57:35] [INFO] Test startup info message
[2026-10-07 19:57:35] [ERROR] Test startup error message
[2026-10-07 19:57:35] [INFO] Validating startup environment...
[2026-10-07 19:57:35] [INFO] User Data Directory: C:\Users\chall\OneDrive\Desktop\courtvision
[2026-10-07 19:57:35] [INFO] AI Model path: C:\Users\chall\OneDrive\Desktop\courtvision\models\yolov8n-seg.pt
[2026-10-07 20:34:27] [INFO] --- Started CourtVision v1.0.0 ---
[2026-10-07 20:34:27] [INFO] Test startup info message
[2026-10-07 20:34:27] [ERROR] Test startup error message
[2026-10-07 20:34:27] [INFO] Validating startup environment...
[2026-10-07 20:34:27] [INFO] User Data Directory: C:\Users\chall\OneDrive\Desktop\courtvision
[2026-10-07 20:34:27] [INFO] AI Model path: C:\Users\chall\OneDrive\Desktop\courtvision\models\yolov8n-seg.pt
[2026-10-07 21:18:23] [INFO] --- Started CourtVision v1.0.0 ---
[2026-10-07 21:18:23] [INFO] Test startup info message
[2026-10-07 21:18:23] [ERROR] Test startup error message
[2026-10-07 21:18:23] [INFO] Validating startup environment...
[2026-10-07 21:18:23] [INFO] User Data Directory: C:\Users\chall\OneDrive\Desktop\courtvision
[2026-10-07 21:18:23] [INFO] AI Model path: C:\Users\chall\OneDrive\Desktop\courtvision\models\yolov8n-seg.pt
[2026-10-08 07:03:18] [INFO] --- Started CourtVision v1.0.0 ---
[2026-10-08 07:03:18] [INFO] Launching CourtVision v1.0.0...
[2026-10-08 07:03:18] [INFO] Validating startup environment...
[2026-10-08 07:03:18] [INFO] User Data Directory: C:\Users\chall\OneDrive\Desktop\courtvision
[2026-10-08 07:03:18] [INFO] AI Model path: C:\Users\chall\OneDrive\Desktop\courtvision\models\yolov8n-seg.pt
[2026-10-08 07:12:45] [INFO] --- Started CourtVision v1.0.0 ---
[2026-10-08 07:12:45] [INFO] Test startup info message
[2026-10-08 07:12:45] [ERROR] Test startup error message
[2026-10-08 07:12:45] [INFO] Validating startup environment...
[2026-10-08 07:12:45] [INFO] User Data Directory: C:\Users\chall\OneDrive\Desktop\courtvision
[2026-10-08 07:12:45] [INFO] AI Model path: C:\Users\chall\OneDrive\Desktop\courtvision\models\yolov8n-seg.pt
